Archive member included to satisfy reference by file (symbol)

c:/st/stm32cubeide_1.4.0/stm32cubeide/plugins/com.st.stm32cube.ide.mcu.externaltools.gnu-tools-for-stm32.9-2020-q2-update.win32_2.0.0.202105311346/tools/bin/../lib/gcc/arm-none-eabi/9.3.1/../../../../arm-none-eabi/lib/thumb/v7e-m+fp/hard\libc_nano.a(lib_a-errno.o)
                              ./Core/Src/syscalls.o (__errno)
c:/st/stm32cubeide_1.4.0/stm32cubeide/plugins/com.st.stm32cube.ide.mcu.externaltools.gnu-tools-for-stm32.9-2020-q2-update.win32_2.0.0.202105311346/tools/bin/../lib/gcc/arm-none-eabi/9.3.1/../../../../arm-none-eabi/lib/thumb/v7e-m+fp/hard\libc_nano.a(lib_a-exit.o)
                              c:/st/stm32cubeide_1.4.0/stm32cubeide/plugins/com.st.stm32cube.ide.mcu.externaltools.gnu-tools-for-stm32.9-2020-q2-update.win32_2.0.0.202105311346/tools/bin/../lib/gcc/arm-none-eabi/9.3.1/../../../../arm-none-eabi/lib/thumb/v7e-m+fp/hard/crt0.o (exit)
c:/st/stm32cubeide_1.4.0/stm32cubeide/plugins/com.st.stm32cube.ide.mcu.externaltools.gnu-tools-for-stm32.9-2020-q2-update.win32_2.0.0.202105311346/tools/bin/../lib/gcc/arm-none-eabi/9.3.1/../../../../arm-none-eabi/lib/thumb/v7e-m+fp/hard\libc_nano.a(lib_a-impure.o)
                              c:/st/stm32cubeide_1.4.0/stm32cubeide/plugins/com.st.stm32cube.ide.mcu.externaltools.gnu-tools-for-stm32.9-2020-q2-update.win32_2.0.0.202105311346/tools/bin/../lib/gcc/arm-none-eabi/9.3.1/../../../../arm-none-eabi/lib/thumb/v7e-m+fp/hard\libc_nano.a(lib_a-exit.o) (_global_impure_ptr)
c:/st/stm32cubeide_1.4.0/stm32cubeide/plugins/com.st.stm32cube.ide.mcu.externaltools.gnu-tools-for-stm32.9-2020-q2-update.win32_2.0.0.202105311346/tools/bin/../lib/gcc/arm-none-eabi/9.3.1/../../../../arm-none-eabi/lib/thumb/v7e-m+fp/hard\libc_nano.a(lib_a-init.o)
                              c:/st/stm32cubeide_1.4.0/stm32cubeide/plugins/com.st.stm32cube.ide.mcu.externaltools.gnu-tools-for-stm32.9-2020-q2-update.win32_2.0.0.202105311346/tools/bin/../lib/gcc/arm-none-eabi/9.3.1/../../../../arm-none-eabi/lib/thumb/v7e-m+fp/hard/crt0.o (__libc_init_array)
c:/st/stm32cubeide_1.4.0/stm32cubeide/plugins/com.st.stm32cube.ide.mcu.externaltools.gnu-tools-for-stm32.9-2020-q2-update.win32_2.0.0.202105311346/tools/bin/../lib/gcc/arm-none-eabi/9.3.1/../../../../arm-none-eabi/lib/thumb/v7e-m+fp/hard\libc_nano.a(lib_a-memset.o)
                              c:/st/stm32cubeide_1.4.0/stm32cubeide/plugins/com.st.stm32cube.ide.mcu.externaltools.gnu-tools-for-stm32.9-2020-q2-update.win32_2.0.0.202105311346/tools/bin/../lib/gcc/arm-none-eabi/9.3.1/../../../../arm-none-eabi/lib/thumb/v7e-m+fp/hard/crt0.o (memset)
c:/st/stm32cubeide_1.4.0/stm32cubeide/plugins/com.st.stm32cube.ide.mcu.externaltools.gnu-tools-for-stm32.9-2020-q2-update.win32_2.0.0.202105311346/tools/bin/../lib/gcc/arm-none-eabi/9.3.1/thumb/v7e-m+fp/hard\libgcc.a(_aeabi_uldivmod.o)
                              ./Drivers/STM32F4xx_HAL_Driver/Src/stm32f4xx_hal_rcc.o (__aeabi_uldivmod)
c:/st/stm32cubeide_1.4.0/stm32cubeide/plugins/com.st.stm32cube.ide.mcu.externaltools.gnu-tools-for-stm32.9-2020-q2-update.win32_2.0.0.202105311346/tools/bin/../lib/gcc/arm-none-eabi/9.3.1/thumb/v7e-m+fp/hard\libgcc.a(_udivmoddi4.o)
                              c:/st/stm32cubeide_1.4.0/stm32cubeide/plugins/com.st.stm32cube.ide.mcu.externaltools.gnu-tools-for-stm32.9-2020-q2-update.win32_2.0.0.202105311346/tools/bin/../lib/gcc/arm-none-eabi/9.3.1/thumb/v7e-m+fp/hard\libgcc.a(_aeabi_uldivmod.o) (__udivmoddi4)
c:/st/stm32cubeide_1.4.0/stm32cubeide/plugins/com.st.stm32cube.ide.mcu.externaltools.gnu-tools-for-stm32.9-2020-q2-update.win32_2.0.0.202105311346/tools/bin/../lib/gcc/arm-none-eabi/9.3.1/thumb/v7e-m+fp/hard\libgcc.a(_dvmd_tls.o)
                              c:/st/stm32cubeide_1.4.0/stm32cubeide/plugins/com.st.stm32cube.ide.mcu.externaltools.gnu-tools-for-stm32.9-2020-q2-update.win32_2.0.0.202105311346/tools/bin/../lib/gcc/arm-none-eabi/9.3.1/thumb/v7e-m+fp/hard\libgcc.a(_aeabi_uldivmod.o) (__aeabi_ldiv0)

Allocating common symbols
Common symbol       size              file

_lcd_drivOut        0x2               ./Core/Src/tft.o
_MW                 0x2               ./Core/Src/tft.o
_lcd_capable        0x2               ./Core/Src/tft.o
ID                  0x2               ./Core/Src/main.o
_SP                 0x2               ./Core/Src/tft.o
_lcd_rev            0x2               ./Core/Src/tft.o
uwTick              0x4               ./Drivers/STM32F4xx_HAL_Driver/Src/stm32f4xx_hal.o
pFlash              0x20              ./Drivers/STM32F4xx_HAL_Driver/Src/stm32f4xx_hal_flash.o
_MP                 0x2               ./Core/Src/tft.o
gfxFont             0x4               ./Core/Src/fonts.o
_MC                 0x2               ./Core/Src/tft.o
_SC                 0x2               ./Core/Src/tft.o
_EP                 0x2               ./Core/Src/tft.o
htim1               0x48              ./Core/Src/main.o
_lcd_ID             0x2               ./Core/Src/tft.o
[...]
Memory Configuration

Name             Origin             Length             Attributes
RAM              0x0000000020000000 0x0000000000020000 xrw
FLASH            0x0000000008000000 0x0000000000080000 xr
*default*        0x0000000000000000 0xffffffffffffffff

Linker script and memory map

LOAD c:/st/stm32cubeide_1.4.0/stm32cubeide/plugins/com.st.stm32cube.ide.mcu.externaltools.gnu-tools-for-stm32.9-2020-q2-update.win32_2.0.0.202105311346/tools/bin/../lib/gcc/arm-none-eabi/9.3.1/thumb/v7e-m+fp/hard/crti.o
LOAD c:/st/stm32cubeide_1.4.0/stm32cubeide/plugins/com.st.stm32cube.ide.mcu.externaltools.gnu-tools-for-stm32.9-2020-q2-update.win32_2.0.0.202105311346/tools/bin/../lib/gcc/arm-none-eabi/9.3.1/thumb/v7e-m+fp/hard/crtbegin.o
LOAD c:/st/stm32cubeide_1.4.0/stm32cubeide/plugins/com.st.stm32cube.ide.mcu.externaltools.gnu-tools-for-stm32.9-2020-q2-update.win32_2.0.0.202105311346/tools/bin/../lib/gcc/arm-none-eabi/9.3.1/../../../../arm-none-eabi/lib/thumb/v7e-m+fp/hard/crt0.o
LOAD ./Core/Src/fonts.o
LOAD ./Core/Src/main.o
LOAD ./Core/Src/stm32f4xx_hal_msp.o
LOAD ./Core/Src/stm32f4xx_it.o
LOAD ./Core/Src/syscalls.o
LOAD ./Core/Src/sysmem.o
LOAD ./Core/Src/system_stm32f4xx.o
LOAD ./Core/Src/tft.o
LOAD ./Core/Src/usBranco_320w240h.o
LOAD ./Core/Src/usCinco.o
LOAD ./Core/Src/usDois.o
LOAD ./Core/Src/usQuatro.o
LOAD ./Core/Src/usSeis.o
LOAD ./Core/Src/usTres.o
LOAD ./Core/Src/usUm.o
LOAD ./Core/Startup/startup_stm32f446retx.o
LOAD ./Drivers/STM32F4xx_HAL_Driver/Src/stm32f4xx_hal.o
LOAD ./Drivers/STM32F4xx_HAL_Driver/Src/stm32f4xx_hal_cortex.o
LOAD ./Drivers/STM32F4xx_HAL_Driver/Src/stm32f4xx_hal_dma.o
LOAD ./Drivers/STM32F4xx_HAL_Driver/Src/stm32f4xx_hal_dma_ex.o
LOAD ./Drivers/STM32F4xx_HAL_Driver/Src/stm32f4xx_hal_exti.o
LOAD ./Drivers/STM32F4xx_HAL_Driver/Src/stm32f4xx_hal_flash.o
LOAD ./Drivers/STM32F4xx_HAL_Driver/Src/stm32f4xx_hal_flash_ex.o
LOAD ./Drivers/STM32F4xx_HAL_Driver/Src/stm32f4xx_hal_flash_ramfunc.o
LOAD ./Drivers/STM32F4xx_HAL_Driver/Src/stm32f4xx_hal_gpio.o
LOAD ./Drivers/STM32F4xx_HAL_Driver/Src/stm32f4xx_hal_pwr.o
LOAD ./Drivers/STM32F4xx_HAL_Driver/Src/stm32f4xx_hal_pwr_ex.o
LOAD ./Drivers/STM32F4xx_HAL_Driver/Src/stm32f4xx_hal_rcc.o
LOAD ./Drivers/STM32F4xx_HAL_Driver/Src/stm32f4xx_hal_rcc_ex.o
LOAD ./Drivers/STM32F4xx_HAL_Driver/Src/stm32f4xx_hal_tim.o
LOAD ./Drivers/STM32F4xx_HAL_Driver/Src/stm32f4xx_hal_tim_ex.o
LOAD ./Drivers/STM32F4xx_HAL_Driver/Src/stm32f4xx_hal_uart.o
START GROUP
LOAD c:/st/stm32cubeide_1.4.0/stm32cubeide/plugins/com.st.stm32cube.ide.mcu.externaltools.gnu-tools-for-stm32.9-2020-q2-update.win32_2.0.0.202105311346/tools/bin/../lib/gcc/arm-none-eabi/9.3.1/../../../../arm-none-eabi/lib/thumb/v7e-m+fp/hard\libc_nano.a
LOAD c:/st/stm32cubeide_1.4.0/stm32cubeide/plugins/com.st.stm32cube.ide.mcu.externaltools.gnu-tools-for-stm32.9-2020-q2-update.win32_2.0.0.202105311346/tools/bin/../lib/gcc/arm-none-eabi/9.3.1/../../../../arm-none-eabi/lib/thumb/v7e-m+fp/hard\libm.a
END GROUP
START GROUP
LOAD c:/st/stm32cubeide_1.4.0/stm32cubeide/plugins/com.st.stm32cube.ide.mcu.externaltools.gnu-tools-for-stm32.9-2020-q2-update.win32_2.0.0.202105311346/tools/bin/../lib/gcc/arm-none-eabi/9.3.1/thumb/v7e-m+fp/hard\libgcc.a
LOAD c:/st/stm32cubeide_1.4.0/stm32cubeide/plugins/com.st.stm32cube.ide.mcu.externaltools.gnu-tools-for-stm32.9-2020-q2-update.win32_2.0.0.202105311346/tools/bin/../lib/gcc/arm-none-eabi/9.3.1/../../../../arm-none-eabi/lib/thumb/v7e-m+fp/hard\libc_nano.a
END GROUP
START GROUP
LOAD c:/st/stm32cubeide_1.4.0/stm32cubeide/plugins/com.st.stm32cube.ide.mcu.externaltools.gnu-tools-for-stm32.9-2020-q2-update.win32_2.0.0.202105311346/tools/bin/../lib/gcc/arm-none-eabi/9.3.1/thumb/v7e-m+fp/hard\libgcc.a
LOAD c:/st/stm32cubeide_1.4.0/stm32cubeide/plugins/com.st.stm32cube.ide.mcu.externaltools.gnu-tools-for-stm32.9-2020-q2-update.win32_2.0.0.202105311346/tools/bin/../lib/gcc/arm-none-eabi/9.3.1/../../../../arm-none-eabi/lib/thumb/v7e-m+fp/hard\libc_nano.a
LOAD c:/st/stm32cubeide_1.4.0/stm32cubeide/plugins/com.st.stm32cube.ide.mcu.externaltools.gnu-tools-for-stm32.9-2020-q2-update.win32_2.0.0.202105311346/tools/bin/../lib/gcc/arm-none-eabi/9.3.1/../../../../arm-none-eabi/lib/thumb/v7e-m+fp/hard\libnosys.a
END GROUP
START GROUP
LOAD c:/st/stm32cubeide_1.4.0/stm32cubeide/plugins/com.st.stm32cube.ide.mcu.externaltools.gnu-tools-for-stm32.9-2020-q2-update.win32_2.0.0.202105311346/tools/bin/../lib/gcc/arm-none-eabi/9.3.1/thumb/v7e-m+fp/hard\libgcc.a
LOAD c:/st/stm32cubeide_1.4.0/stm32cubeide/plugins/com.st.stm32cube.ide.mcu.externaltools.gnu-tools-for-stm32.9-2020-q2-update.win32_2.0.0.202105311346/tools/bin/../lib/gcc/arm-none-eabi/9.3.1/../../../../arm-none-eabi/lib/thumb/v7e-m+fp/hard\libc_nano.a
LOAD c:/st/stm32cubeide_1.4.0/stm32cubeide/plugins/com.st.stm32cube.ide.mcu.externaltools.gnu-tools-for-stm32.9-2020-q2-update.win32_2.0.0.202105311346/tools/bin/../lib/gcc/arm-none-eabi/9.3.1/../../../../arm-none-eabi/lib/thumb/v7e-m+fp/hard\libnosys.a
END GROUP
LOAD c:/st/stm32cubeide_1.4.0/stm32cubeide/plugins/com.st.stm32cube.ide.mcu.externaltools.gnu-tools-for-stm32.9-2020-q2-update.win32_2.0.0.202105311346/tools/bin/../lib/gcc/arm-none-eabi/9.3.1/thumb/v7e-m+fp/hard/crtend.o
LOAD c:/st/stm32cubeide_1.4.0/stm32cubeide/plugins/com.st.stm32cube.ide.mcu.externaltools.gnu-tools-for-stm32.9-2020-q2-update.win32_2.0.0.202105311346/tools/bin/../lib/gcc/arm-none-eabi/9.3.1/thumb/v7e-m+fp/hard/crtn.o
                0x0000000020020000                _estack = (ORIGIN (RAM) + LENGTH (RAM))
                0x0000000000000200                _Min_Heap_Size = 0x200
                0x0000000000000400                _Min_Stack_Size = 0x400

.isr_vector     0x0000000008000000      0x1c4
                0x0000000008000000                . = ALIGN (0x4)
 *(.isr_vector)
 .isr_vector    0x0000000008000000      0x1c4 ./Core/Startup/startup_stm32f446retx.o
                0x0000000008000000                g_pfnVectors
                0x00000000080001c4                . = ALIGN (0x4)

.text           0x00000000080001c4     0x64f0
                0x00000000080001c4                . = ALIGN (0x4)
 *(.text)
 .text          0x00000000080001c4       0x40 c:/st/stm32cubeide_1.4.0/stm32cubeide/plugins/com.st.stm32cube.ide.mcu.externaltools.gnu-tools-for-stm32.9-2020-q2-update.win32_2.0.0.202105311346/tools/bin/../lib/gcc/arm-none-eabi/9.3.1/thumb/v7e-m+fp/hard/crtbegin.o
 .text          0x0000000008000204       0x30 c:/st/stm32cubeide_1.4.0/stm32cubeide/plugins/com.st.stm32cube.ide.mcu.externaltools.gnu-tools-for-stm32.9-2020-q2-update.win32_2.0.0.202105311346/tools/bin/../lib/gcc/arm-none-eabi/9.3.1/thumb/v7e-m+fp/hard\libgcc.a(_aeabi_uldivmod.o)
                0x0000000008000204                __aeabi_uldivmod
 .text          0x0000000008000234      0x2c4 c:/st/stm32cubeide_1.4.0/stm32cubeide/plugins/com.st.stm32cube.ide.mcu.externaltools.gnu-tools-for-stm32.9-2020-q2-update.win32_2.0.0.202105311346/tools/bin/../lib/gcc/arm-none-eabi/9.3.1/thumb/v7e-m+fp/hard\libgcc.a(_udivmoddi4.o)
                0x0000000008000234                __udivmoddi4
 .text          0x00000000080004f8        0x4 c:/st/stm32cubeide_1.4.0/stm32cubeide/plugins/com.st.stm32cube.ide.mcu.externaltools.gnu-tools-for-stm32.9-2020-q2-update.win32_2.0.0.202105311346/tools/bin/../lib/gcc/arm-none-eabi/9.3.1/thumb/v7e-m+fp/hard\libgcc.a(_dvmd_tls.o)
                0x00000000080004f8                __aeabi_idiv0
                0x00000000080004f8                __aeabi_ldiv0
 *(.text*)
 .text.main     0x00000000080004fc      0x19c ./Core/Src/main.o
                0x00000000080004fc                main
 .text.SystemClock_Config
                0x0000000008000698       0xdc ./Core/Src/main.o
                0x0000000008000698                SystemClock_Config
 .text.MX_TIM1_Init
                0x0000000008000774       0xa0 ./Core/Src/main.o
 .text.MX_USART2_UART_Init
                0x0000000008000814       0x54 ./Core/Src/main.o
 .text.MX_GPIO_Init
                0x0000000008000868       0xfc ./Core/Src/main.o
 .text.passo    0x0000000008000964       0x38 ./Core/Src/main.o
                0x0000000008000964                passo
 .text.HAL_GPIO_EXTI_Callback
                0x000000000800099c       0x34 ./Core/Src/main.o
                0x000000000800099c                HAL_GPIO_EXTI_Callback
 .text.Error_Handler
                0x00000000080009d0        0xa ./Core/Src/main.o
                0x00000000080009d0                Error_Handler
 *fill*         0x00000000080009da        0x2 
 .text.HAL_MspInit
                0x00000000080009dc       0x50 ./Core/Src/stm32f4xx_hal_msp.o
                0x00000000080009dc                HAL_MspInit
 .text.HAL_TIM_Base_MspInit
                0x0000000008000a2c       0x44 ./Core/Src/stm32f4xx_hal_msp.o
                0x0000000008000a2c                HAL_TIM_Base_MspInit
 .text.HAL_UART_MspInit
                0x0000000008000a70       0x90 ./Core/Src/stm32f4xx_hal_msp.o
                0x0000000008000a70                HAL_UART_MspInit
 .text.NMI_Handler
                0x0000000008000b00        0x6 ./Core/Src/stm32f4xx_it.o
                0x0000000008000b00                NMI_Handler
 .text.HardFault_Handler
                0x0000000008000b06        0x6 ./Core/Src/stm32f4xx_it.o
                0x0000000008000b06                HardFault_Handler
 .text.MemManage_Handler
                0x0000000008000b0c        0x6 ./Core/Src/stm32f4xx_it.o
                0x0000000008000b0c                MemManage_Handler
 .text.BusFault_Handler
                0x0000000008000b12        0x6 ./Core/Src/stm32f4xx_it.o
                0x0000000008000b12                BusFault_Handler
 .text.UsageFault_Handler
                0x0000000008000b18        0x6 ./Core/Src/stm32f4xx_it.o
                0x0000000008000b18                UsageFault_Handler
 .text.SVC_Handler
                0x0000000008000b1e        0xe ./Core/Src/stm32f4xx_it.o
                0x0000000008000b1e                SVC_Handler
 .text.DebugMon_Handler
                0x0000000008000b2c        0xe ./Core/Src/stm32f4xx_it.o
                0x0000000008000b2c                DebugMon_Handler
 .text.PendSV_Handler
                0x0000000008000b3a        0xe ./Core/Src/stm32f4xx_it.o
                0x0000000008000b3a                PendSV_Handler
 .text.SysTick_Handler
                0x0000000008000b48        0xc ./Core/Src/stm32f4xx_it.o
                0x0000000008000b48                SysTick_Handler
 .text.EXTI2_IRQHandler
                0x0000000008000b54        0xe ./Core/Src/stm32f4xx_it.o
                0x0000000008000b54                EXTI2_IRQHandler
 .text.EXTI3_IRQHandler
                0x0000000008000b62        0xe ./Core/Src/stm32f4xx_it.o
                0x0000000008000b62                EXTI3_IRQHandler
 .text.SystemInit
                0x0000000008000b70       0x24 ./Core/Src/system_stm32f4xx.o
                0x0000000008000b70                SystemInit
 .text.PIN_LOW  0x0000000008000b94       0x20 ./Core/Src/tft.o
                0x0000000008000b94                PIN_LOW
 .text.PIN_HIGH
                0x0000000008000bb4       0x20 ./Core/Src/tft.o
                0x0000000008000bb4                PIN_HIGH
 .text.PIN_INPUT
                0x0000000008000bd4       0x2c ./Core/Src/tft.o
                0x0000000008000bd4                PIN_INPUT
 .text.PIN_OUTPUT
                0x0000000008000c00       0x30 ./Core/Src/tft.o
                0x0000000008000c00                PIN_OUTPUT
 .text.width    0x0000000008000c30       0x18 ./Core/Src/tft.o
                0x0000000008000c30                width
 .text.height   0x0000000008000c48       0x18 ./Core/Src/tft.o
                0x0000000008000c48                height
 .text.color565_to_555
                0x0000000008000c60       0x40 ./Core/Src/tft.o
 .text.color555_to_565
                0x0000000008000ca0       0x42 ./Core/Src/tft.o
 .text.color565_to_r
                0x0000000008000ce2       0x22 ./Core/Src/tft.o
 .text.color565_to_g
                0x0000000008000d04       0x22 ./Core/Src/tft.o
 .text.color565_to_b
                0x0000000008000d26       0x1c ./Core/Src/tft.o
 .text.color565
                0x0000000008000d42       0x4c ./Core/Src/tft.o
                0x0000000008000d42                color565
 .text.readPixel
                0x0000000008000d8e       0x30 ./Core/Src/tft.o
                0x0000000008000d8e                readPixel
 .text.WriteCmdData
                0x0000000008000dbe       0x24 ./Core/Src/tft.o
                0x0000000008000dbe                WriteCmdData
 .text.pushCommand
                0x0000000008000de2       0x26 ./Core/Src/tft.o
                0x0000000008000de2                pushCommand
 .text.setReadDir
                0x0000000008000e08       0x5c ./Core/Src/tft.o
                0x0000000008000e08                setReadDir
 .text.setWriteDir
                0x0000000008000e64       0x5c ./Core/Src/tft.o
                0x0000000008000e64                setWriteDir
 .text.write24  0x0000000008000ec0      0x200 ./Core/Src/tft.o
 .text.writecmddata
                0x00000000080010c0      0x2ac ./Core/Src/tft.o
 .text.WriteCmdParamN
                0x000000000800136c      0x39c ./Core/Src/tft.o
 .text.WriteCmdParam4
                0x0000000008001708       0x48 ./Core/Src/tft.o
 .text.init_table
                0x0000000008001750       0xb2 ./Core/Src/tft.o
 .text.init_table16
                0x0000000008001802       0x60 ./Core/Src/tft.o
 *fill*         0x0000000008001862        0x2 
 .text.reset    0x0000000008001864       0x98 ./Core/Src/tft.o
                0x0000000008001864                reset
 .text.read16bits
                0x00000000080018fc      0x1e4 ./Core/Src/tft.o
 .text.readReg  0x0000000008001ae0      0x1b8 ./Core/Src/tft.o
                0x0000000008001ae0                readReg
 .text.readReg32
                0x0000000008001c98       0x36 ./Core/Src/tft.o
                0x0000000008001c98                readReg32
 .text.readReg40
                0x0000000008001cce       0x4e ./Core/Src/tft.o
                0x0000000008001cce                readReg40
 .text.tft_init
                0x0000000008001d1c      0x70c ./Core/Src/tft.o
                0x0000000008001d1c                tft_init
 .text.readID   0x0000000008002428      0x280 ./Core/Src/tft.o
                0x0000000008002428                readID
 .text.readGRAM
                0x00000000080026a8      0xbe0 ./Core/Src/tft.o
                0x00000000080026a8                readGRAM
 .text.setRotation
                0x0000000008003288      0x50c ./Core/Src/tft.o
                0x0000000008003288                setRotation
 .text.drawPixel
                0x0000000008003794      0x20c ./Core/Src/tft.o
                0x0000000008003794                drawPixel
 .text.setAddrWindow
                0x00000000080039a0      0x248 ./Core/Src/tft.o
                0x00000000080039a0                setAddrWindow
 .text.vertScroll
                0x0000000008003be8      0x24c ./Core/Src/tft.o
                0x0000000008003be8                vertScroll
 .text.fillScreen
                0x0000000008003e34       0x34 ./Core/Src/tft.o
                0x0000000008003e34                fillScreen
 .text.invertDisplay
                0x0000000008003e68      0x14c ./Core/Src/tft.o
                0x0000000008003e68                invertDisplay
 .text.fillRect
                0x0000000008003fb4      0x448 ./Core/Src/tft.o
                0x0000000008003fb4                fillRect
 .text.delay    0x00000000080043fc       0x30 ./Core/Src/tft.o
                0x00000000080043fc                delay
 .text.inicioDados
                0x000000000800442c      0x164 ./Core/Src/tft.o
                0x000000000800442c                inicioDados
 .text.fimDados
                0x0000000008004590       0x14 ./Core/Src/tft.o
                0x0000000008004590                fimDados
 .text.tft_gpio_init
                0x00000000080045a4       0xe4 ./Core/Src/tft.o
                0x00000000080045a4                tft_gpio_init
 .text.drawRGBBitmap
                0x0000000008004688      0x320 ./Core/Src/tft.o
                0x0000000008004688                drawRGBBitmap
 .text.Reset_Handler
                0x00000000080049a8       0x50 ./Core/Startup/startup_stm32f446retx.o
                0x00000000080049a8                Reset_Handler
 .text.Default_Handler
                0x00000000080049f8        0x2 ./Core/Startup/startup_stm32f446retx.o
                0x00000000080049f8                RTC_Alarm_IRQHandler
                0x00000000080049f8                TIM8_CC_IRQHandler
                0x00000000080049f8                FMPI2C1_EV_IRQHandler
                0x00000000080049f8                SPI4_IRQHandler
                0x00000000080049f8                TIM1_CC_IRQHandler
                0x00000000080049f8                DMA2_Stream5_IRQHandler
                0x00000000080049f8                DMA1_Stream5_IRQHandler
                0x00000000080049f8                PVD_IRQHandler
                0x00000000080049f8                SDIO_IRQHandler
                0x00000000080049f8                TAMP_STAMP_IRQHandler
                0x00000000080049f8                CAN2_RX1_IRQHandler
                0x00000000080049f8                TIM8_TRG_COM_TIM14_IRQHandler
                0x00000000080049f8                TIM1_UP_TIM10_IRQHandler
                0x00000000080049f8                TIM8_UP_TIM13_IRQHandler
                0x00000000080049f8                I2C3_ER_IRQHandler
                0x00000000080049f8                EXTI0_IRQHandler
                0x00000000080049f8                I2C2_EV_IRQHandler
                0x00000000080049f8                DMA1_Stream2_IRQHandler
                0x00000000080049f8                CAN1_RX0_IRQHandler
                0x00000000080049f8                FPU_IRQHandler
                0x00000000080049f8                OTG_HS_WKUP_IRQHandler
                0x00000000080049f8                CAN2_SCE_IRQHandler
                0x00000000080049f8                DMA2_Stream2_IRQHandler
                0x00000000080049f8                SPI1_IRQHandler
                0x00000000080049f8                TIM6_DAC_IRQHandler
                0x00000000080049f8                TIM1_BRK_TIM9_IRQHandler
                0x00000000080049f8                DCMI_IRQHandler
                0x00000000080049f8                CAN2_RX0_IRQHandler
                0x00000000080049f8                DMA2_Stream3_IRQHandler
                0x00000000080049f8                SAI2_IRQHandler
                0x00000000080049f8                USART6_IRQHandler
                0x00000000080049f8                USART3_IRQHandler
                0x00000000080049f8                CAN1_RX1_IRQHandler
                0x00000000080049f8                UART5_IRQHandler
                0x00000000080049f8                DMA2_Stream0_IRQHandler
                0x00000000080049f8                TIM4_IRQHandler
                0x00000000080049f8                QUADSPI_IRQHandler
                0x00000000080049f8                I2C1_EV_IRQHandler
                0x00000000080049f8                DMA1_Stream6_IRQHandler
                0x00000000080049f8                DMA1_Stream1_IRQHandler
                0x00000000080049f8                UART4_IRQHandler
                0x00000000080049f8                TIM3_IRQHandler
                0x00000000080049f8                RCC_IRQHandler
                0x00000000080049f8                TIM8_BRK_TIM12_IRQHandler
                0x00000000080049f8                Default_Handler
                0x00000000080049f8                CEC_IRQHandler
                0x00000000080049f8                EXTI15_10_IRQHandler
                0x00000000080049f8                ADC_IRQHandler
                0x00000000080049f8                DMA1_Stream7_IRQHandler
                0x00000000080049f8                TIM7_IRQHandler
                0x00000000080049f8                CAN2_TX_IRQHandler
                0x00000000080049f8                TIM5_IRQHandler
                0x00000000080049f8                DMA2_Stream7_IRQHandler
                0x00000000080049f8                I2C3_EV_IRQHandler
                0x00000000080049f8                EXTI9_5_IRQHandler
                0x00000000080049f8                RTC_WKUP_IRQHandler
                0x00000000080049f8                SPDIF_RX_IRQHandler
                0x00000000080049f8                SPI2_IRQHandler
                0x00000000080049f8                OTG_HS_EP1_IN_IRQHandler
                0x00000000080049f8                DMA1_Stream0_IRQHandler
                0x00000000080049f8                CAN1_TX_IRQHandler
                0x00000000080049f8                FMPI2C1_ER_IRQHandler
                0x00000000080049f8                EXTI4_IRQHandler
                0x00000000080049f8                OTG_HS_EP1_OUT_IRQHandler
                0x00000000080049f8                WWDG_IRQHandler
                0x00000000080049f8                TIM2_IRQHandler
                0x00000000080049f8                OTG_FS_WKUP_IRQHandler
                0x00000000080049f8                TIM1_TRG_COM_TIM11_IRQHandler
                0x00000000080049f8                OTG_HS_IRQHandler
                0x00000000080049f8                EXTI1_IRQHandler
                0x00000000080049f8                USART2_IRQHandler
                0x00000000080049f8                I2C2_ER_IRQHandler
                0x00000000080049f8                DMA2_Stream1_IRQHandler
                0x00000000080049f8                CAN1_SCE_IRQHandler
                0x00000000080049f8                FLASH_IRQHandler
                0x00000000080049f8                DMA2_Stream4_IRQHandler
                0x00000000080049f8                USART1_IRQHandler
                0x00000000080049f8                OTG_FS_IRQHandler
                0x00000000080049f8                SPI3_IRQHandler
                0x00000000080049f8                DMA1_Stream4_IRQHandler
                0x00000000080049f8                I2C1_ER_IRQHandler
                0x00000000080049f8                FMC_IRQHandler
                0x00000000080049f8                DMA2_Stream6_IRQHandler
                0x00000000080049f8                SAI1_IRQHandler
                0x00000000080049f8                DMA1_Stream3_IRQHandler
 *fill*         0x00000000080049fa        0x2 
 .text.HAL_Init
                0x00000000080049fc       0x44 ./Drivers/STM32F4xx_HAL_Driver/Src/stm32f4xx_hal.o
                0x00000000080049fc                HAL_Init
 .text.HAL_InitTick
                0x0000000008004a40       0x60 ./Drivers/STM32F4xx_HAL_Driver/Src/stm32f4xx_hal.o
                0x0000000008004a40                HAL_InitTick
 .text.HAL_IncTick
                0x0000000008004aa0       0x28 ./Drivers/STM32F4xx_HAL_Driver/Src/stm32f4xx_hal.o
                0x0000000008004aa0                HAL_IncTick
 .text.HAL_GetTick
                0x0000000008004ac8       0x18 ./Drivers/STM32F4xx_HAL_Driver/Src/stm32f4xx_hal.o
                0x0000000008004ac8                HAL_GetTick
 .text.HAL_Delay
                0x0000000008004ae0       0x48 ./Drivers/STM32F4xx_HAL_Driver/Src/stm32f4xx_hal.o
                0x0000000008004ae0                HAL_Delay
 .text.__NVIC_SetPriorityGrouping
                0x0000000008004b28       0x48 ./Drivers/STM32F4xx_HAL_Driver/Src/stm32f4xx_hal_cortex.o
 .text.__NVIC_GetPriorityGrouping
                0x0000000008004b70       0x1c ./Drivers/STM32F4xx_HAL_Driver/Src/stm32f4xx_hal_cortex.o
 .text.__NVIC_EnableIRQ
                0x0000000008004b8c       0x3c ./Drivers/STM32F4xx_HAL_Driver/Src/stm32f4xx_hal_cortex.o
 .text.__NVIC_SetPriority
                0x0000000008004bc8       0x54 ./Drivers/STM32F4xx_HAL_Driver/Src/stm32f4xx_hal_cortex.o
 .text.NVIC_EncodePriority
                0x0000000008004c1c       0x66 ./Drivers/STM32F4xx_HAL_Driver/Src/stm32f4xx_hal_cortex.o
 *fill*         0x0000000008004c82        0x2 
 .text.SysTick_Config
                0x0000000008004c84       0x44 ./Drivers/STM32F4xx_HAL_Driver/Src/stm32f4xx_hal_cortex.o
 .text.HAL_NVIC_SetPriorityGrouping
                0x0000000008004cc8       0x16 ./Drivers/STM32F4xx_HAL_Driver/Src/stm32f4xx_hal_cortex.o
                0x0000000008004cc8                HAL_NVIC_SetPriorityGrouping
 .text.HAL_NVIC_SetPriority
                0x0000000008004cde       0x38 ./Drivers/STM32F4xx_HAL_Driver/Src/stm32f4xx_hal_cortex.o
                0x0000000008004cde                HAL_NVIC_SetPriority
 .text.HAL_NVIC_EnableIRQ
                0x0000000008004d16       0x1c ./Drivers/STM32F4xx_HAL_Driver/Src/stm32f4xx_hal_cortex.o
                0x0000000008004d16                HAL_NVIC_EnableIRQ
 .text.HAL_SYSTICK_Config
                0x0000000008004d32       0x18 ./Drivers/STM32F4xx_HAL_Driver/Src/stm32f4xx_hal_cortex.o
                0x0000000008004d32                HAL_SYSTICK_Config
 *fill*         0x0000000008004d4a        0x2 
 .text.HAL_GPIO_Init
                0x0000000008004d4c      0x328 ./Drivers/STM32F4xx_HAL_Driver/Src/stm32f4xx_hal_gpio.o
                0x0000000008004d4c                HAL_GPIO_Init
 .text.HAL_GPIO_WritePin
                0x0000000008005074       0x32 ./Drivers/STM32F4xx_HAL_Driver/Src/stm32f4xx_hal_gpio.o
                0x0000000008005074                HAL_GPIO_WritePin
 *fill*         0x00000000080050a6        0x2 
 .text.HAL_GPIO_EXTI_IRQHandler
                0x00000000080050a8       0x30 ./Drivers/STM32F4xx_HAL_Driver/Src/stm32f4xx_hal_gpio.o
                0x00000000080050a8                HAL_GPIO_EXTI_IRQHandler
 .text.HAL_RCC_ClockConfig
                0x00000000080050d8      0x1cc ./Drivers/STM32F4xx_HAL_Driver/Src/stm32f4xx_hal_rcc.o
                0x00000000080050d8                HAL_RCC_ClockConfig
 .text.HAL_RCC_GetHCLKFreq
                0x00000000080052a4       0x18 ./Drivers/STM32F4xx_HAL_Driver/Src/stm32f4xx_hal_rcc.o
                0x00000000080052a4                HAL_RCC_GetHCLKFreq
 .text.HAL_RCC_GetPCLK1Freq
                0x00000000080052bc       0x28 ./Drivers/STM32F4xx_HAL_Driver/Src/stm32f4xx_hal_rcc.o
                0x00000000080052bc                HAL_RCC_GetPCLK1Freq
 .text.HAL_RCC_GetPCLK2Freq
                0x00000000080052e4       0x28 ./Drivers/STM32F4xx_HAL_Driver/Src/stm32f4xx_hal_rcc.o
                0x00000000080052e4                HAL_RCC_GetPCLK2Freq
 .text.HAL_RCC_GetSysClockFreq
                0x000000000800530c      0x364 ./Drivers/STM32F4xx_HAL_Driver/Src/stm32f4xx_hal_rcc_ex.o
                0x000000000800530c                HAL_RCC_GetSysClockFreq
 .text.HAL_RCC_OscConfig
                0x0000000008005670      0x53c ./Drivers/STM32F4xx_HAL_Driver/Src/stm32f4xx_hal_rcc_ex.o
                0x0000000008005670                HAL_RCC_OscConfig
 .text.HAL_TIM_Base_Init
                0x0000000008005bac       0x9e ./Drivers/STM32F4xx_HAL_Driver/Src/stm32f4xx_hal_tim.o
                0x0000000008005bac                HAL_TIM_Base_Init
 *fill*         0x0000000008005c4a        0x2 
 .text.HAL_TIM_Base_Start
                0x0000000008005c4c       0xd0 ./Drivers/STM32F4xx_HAL_Driver/Src/stm32f4xx_hal_tim.o
                0x0000000008005c4c                HAL_TIM_Base_Start
 .text.HAL_TIM_ConfigClockSource
                0x0000000008005d1c      0x18e ./Drivers/STM32F4xx_HAL_Driver/Src/stm32f4xx_hal_tim.o
                0x0000000008005d1c                HAL_TIM_ConfigClockSource
 *fill*         0x0000000008005eaa        0x2 
 .text.TIM_Base_SetConfig
                0x0000000008005eac      0x140 ./Drivers/STM32F4xx_HAL_Driver/Src/stm32f4xx_hal_tim.o
                0x0000000008005eac                TIM_Base_SetConfig
 .text.TIM_TI1_ConfigInputStage
                0x0000000008005fec       0x5e ./Drivers/STM32F4xx_HAL_Driver/Src/stm32f4xx_hal_tim.o
 .text.TIM_TI2_ConfigInputStage
                0x000000000800604a       0x60 ./Drivers/STM32F4xx_HAL_Driver/Src/stm32f4xx_hal_tim.o
 .text.TIM_ITRx_SetConfig
                0x00000000080060aa       0x36 ./Drivers/STM32F4xx_HAL_Driver/Src/stm32f4xx_hal_tim.o
 .text.TIM_ETR_SetConfig
                0x00000000080060e0       0x40 ./Drivers/STM32F4xx_HAL_Driver/Src/stm32f4xx_hal_tim.o
                0x00000000080060e0                TIM_ETR_SetConfig
 .text.HAL_TIMEx_MasterConfigSynchronization
                0x0000000008006120       0xf8 ./Drivers/STM32F4xx_HAL_Driver/Src/stm32f4xx_hal_tim_ex.o
                0x0000000008006120                HAL_TIMEx_MasterConfigSynchronization
 .text.HAL_UART_Init
                0x0000000008006218       0x9a ./Drivers/STM32F4xx_HAL_Driver/Src/stm32f4xx_hal_uart.o
                0x0000000008006218                HAL_UART_Init
 *fill*         0x00000000080062b2        0x2 
 .text.UART_SetConfig
                0x00000000080062b4      0x390 ./Drivers/STM32F4xx_HAL_Driver/Src/stm32f4xx_hal_uart.o
 .text.__libc_init_array
                0x0000000008006644       0x48 c:/st/stm32cubeide_1.4.0/stm32cubeide/plugins/com.st.stm32cube.ide.mcu.externaltools.gnu-tools-for-stm32.9-2020-q2-update.win32_2.0.0.202105311346/tools/bin/../lib/gcc/arm-none-eabi/9.3.1/../../../../arm-none-eabi/lib/thumb/v7e-m+fp/hard\libc_nano.a(lib_a-init.o)
                0x0000000008006644                __libc_init_array
 .text.memset   0x000000000800668c       0x10 c:/st/stm32cubeide_1.4.0/stm32cubeide/plugins/com.st.stm32cube.ide.mcu.externaltools.gnu-tools-for-stm32.9-2020-q2-update.win32_2.0.0.202105311346/tools/bin/../lib/gcc/arm-none-eabi/9.3.1/../../../../arm-none-eabi/lib/thumb/v7e-m+fp/hard\libc_nano.a(lib_a-memset.o)
                0x000000000800668c                memset
 *(.glue_7)
 .glue_7        0x000000000800669c        0x0 linker stubs
 *(.glue_7t)
 .glue_7t       0x000000000800669c        0x0 linker stubs
 *(.eh_frame)
 .eh_frame      0x000000000800669c        0x0 c:/st/stm32cubeide_1.4.0/stm32cubeide/plugins/com.st.stm32cube.ide.mcu.externaltools.gnu-tools-for-stm32.9-2020-q2-update.win32_2.0.0.202105311346/tools/bin/../lib/gcc/arm-none-eabi/9.3.1/thumb/v7e-m+fp/hard/crtbegin.o
 *(.init)
 .init          0x000000000800669c        0x4 c:/st/stm32cubeide_1.4.0/stm32cubeide/plugins/com.st.stm32cube.ide.mcu.externaltools.gnu-tools-for-stm32.9-2020-q2-update.win32_2.0.0.202105311346/tools/bin/../lib/gcc/arm-none-eabi/9.3.1/thumb/v7e-m+fp/hard/crti.o
                0x000000000800669c                _init
 .init          0x00000000080066a0        0x8 c:/st/stm32cubeide_1.4.0/stm32cubeide/plugins/com.st.stm32cube.ide.mcu.externaltools.gnu-tools-for-stm32.9-2020-q2-update.win32_2.0.0.202105311346/tools/bin/../lib/gcc/arm-none-eabi/9.3.1/thumb/v7e-m+fp/hard/crtn.o
 *(.fini)
 .fini          0x00000000080066a8        0x4 c:/st/stm32cubeide_1.4.0/stm32cubeide/plugins/com.st.stm32cube.ide.mcu.externaltools.gnu-tools-for-stm32.9-2020-q2-update.win32_2.0.0.202105311346/tools/bin/../lib/gcc/arm-none-eabi/9.3.1/thumb/v7e-m+fp/hard/crti.o
                0x00000000080066a8                _fini
 .fini          0x00000000080066ac        0x8 c:/st/stm32cubeide_1.4.0/stm32cubeide/plugins/com.st.stm32cube.ide.mcu.externaltools.gnu-tools-for-stm32.9-2020-q2-update.win32_2.0.0.202105311346/tools/bin/../lib/gcc/arm-none-eabi/9.3.1/thumb/v7e-m+fp/hard/crtn.o
                0x00000000080066b4                . = ALIGN (0x4)
                0x00000000080066b4                _etext = .

.vfp11_veneer   0x00000000080066b4        0x0
 .vfp11_veneer  0x00000000080066b4        0x0 linker stubs

.v4_bx          0x00000000080066b4        0x0
 .v4_bx         0x00000000080066b4        0x0 linker stubs

.iplt           0x00000000080066b4        0x0
 .iplt          0x00000000080066b4        0x0 c:/st/stm32cubeide_1.4.0/stm32cubeide/plugins/com.st.stm32cube.ide.mcu.externaltools.gnu-tools-for-stm32.9-2020-q2-update.win32_2.0.0.202105311346/tools/bin/../lib/gcc/arm-none-eabi/9.3.1/thumb/v7e-m+fp/hard/crtbegin.o

.rodata         0x00000000080066b4    0x2de30
                0x00000000080066b4                . = ALIGN (0x4)
 *(.rodata)
 .rodata        0x00000000080066b4        0x3 ./Core/Src/tft.o
 *(.rodata*)
 *fill*         0x00000000080066b7        0x1 
 .rodata.AHBPrescTable
                0x00000000080066b8       0x10 ./Core/Src/system_stm32f4xx.o
                0x00000000080066b8                AHBPrescTable
 .rodata.APBPrescTable
                0x00000000080066c8        0x8 ./Core/Src/system_stm32f4xx.o
                0x00000000080066c8                APBPrescTable
 .rodata.R61511_regValues.9580
                0x00000000080066d0        0x3 ./Core/Src/tft.o
 *fill*         0x00000000080066d3        0x1 
 .rodata.R61520_regValues.9583
                0x00000000080066d4        0x6 ./Core/Src/tft.o
 *fill*         0x00000000080066da        0x2 
 .rodata.R61526_regValues.9585
                0x00000000080066dc        0xc ./Core/Src/tft.o
 .rodata.NT35310_regValues.9587
                0x00000000080066e8        0x2 ./Core/Src/tft.o
 *fill*         0x00000000080066ea        0x2 
 .rodata.ST7789_regValues.9589
                0x00000000080066ec       0x41 ./Core/Src/tft.o
 *fill*         0x000000000800672d        0x3 
 .rodata.FK8031_regValues.9592
                0x0000000008006730       0x12 ./Core/Src/tft.o
 *fill*         0x0000000008006742        0x2 
 .rodata.HX8357C_regValues.9596
                0x0000000008006744        0x2 ./Core/Src/tft.o
 *fill*         0x0000000008006746        0x2 
 .rodata.HX8357_99_regValues.9598
                0x0000000008006748       0x1d ./Core/Src/tft.o
 *fill*         0x0000000008006765        0x3 
 .rodata.ILI9320_regValues.9604
                0x0000000008006768       0xd8 ./Core/Src/tft.o
 .rodata.ILI9325_regValues.9611
                0x0000000008006840       0xcc ./Core/Src/tft.o
 .rodata.ILI9327_regValues.9613
                0x000000000800690c       0x1e ./Core/Src/tft.o
 *fill*         0x000000000800692a        0x2 
 .rodata.XX1602_regValues.9615
                0x000000000800692c        0x6 ./Core/Src/tft.o
 *fill*         0x0000000008006932        0x2 
 .rodata.ILI9329_regValues.9622
                0x0000000008006934        0x3 ./Core/Src/tft.o
 *fill*         0x0000000008006937        0x1 
 .rodata.ILI9341_regValues_2_4.9626
                0x0000000008006938       0x65 ./Core/Src/tft.o
 *fill*         0x000000000800699d        0x3 
 .rodata.ILI9481_regValues.9631
                0x00000000080069a0       0x45 ./Core/Src/tft.o
 *fill*         0x00000000080069e5        0x3 
 .rodata.ILI9486_regValues.9638
                0x00000000080069e8       0x3b ./Core/Src/tft.o
 *fill*         0x0000000008006a23        0x1 
 .rodata.ILI9488_regValues_max.9643
                0x0000000008006a24       0x2b ./Core/Src/tft.o
 *fill*         0x0000000008006a4f        0x1 
 .rodata.R61505V_regValues.9646
                0x0000000008006a50       0xb0 ./Core/Src/tft.o
 .rodata.R61509V_regValues.9649
                0x0000000008006b00       0xc0 ./Core/Src/tft.o
 .rodata.reset_off.9651
                0x0000000008006bc0        0x9 ./Core/Src/tft.o
 *fill*         0x0000000008006bc9        0x3 
 .rodata.wake_on.9652
                0x0000000008006bcc        0x6 ./Core/Src/tft.o
 *fill*         0x0000000008006bd2        0x2 
 .rodata.usBranco_320w240h
                0x0000000008006bd4    0x25800 ./Core/Src/usBranco_320w240h.o
                0x0000000008006bd4                usBranco_320w240h
 .rodata.usCinco_37w70h
                0x000000000802c3d4     0x143c ./Core/Src/usCinco.o
                0x000000000802c3d4                usCinco_37w70h
 .rodata.usDois_50w70h
                0x000000000802d810     0x1b58 ./Core/Src/usDois.o
                0x000000000802d810                usDois_50w70h
 .rodata.usQuatro_21w70h
                0x000000000802f368      0xb7c ./Core/Src/usQuatro.o
                0x000000000802f368                usQuatro_21w70h
 .rodata.usSeis_43w70h
                0x000000000802fee4     0x1784 ./Core/Src/usSeis.o
                0x000000000802fee4                usSeis_43w70h
 .rodata.usTres_37w70h
                0x0000000008031668     0x143c ./Core/Src/usTres.o
                0x0000000008031668                usTres_37w70h
 .rodata.usUm_48w70h
                0x0000000008032aa4     0x1a40 ./Core/Src/usUm.o
                0x0000000008032aa4                usUm_48w70h
                0x00000000080344e4                . = ALIGN (0x4)

.ARM.extab      0x00000000080344e4        0x0
                0x00000000080344e4                . = ALIGN (0x4)
 *(.ARM.extab* .gnu.linkonce.armextab.*)
                0x00000000080344e4                . = ALIGN (0x4)

.ARM            0x00000000080344e4        0x8
                0x00000000080344e4                . = ALIGN (0x4)
                0x00000000080344e4                __exidx_start = .
 *(.ARM.exidx*)
 .ARM.exidx     0x00000000080344e4        0x8 c:/st/stm32cubeide_1.4.0/stm32cubeide/plugins/com.st.stm32cube.ide.mcu.externaltools.gnu-tools-for-stm32.9-2020-q2-update.win32_2.0.0.202105311346/tools/bin/../lib/gcc/arm-none-eabi/9.3.1/thumb/v7e-m+fp/hard\libgcc.a(_udivmoddi4.o)
                0x00000000080344ec                __exidx_end = .
                0x00000000080344ec                . = ALIGN (0x4)

.rel.dyn        0x00000000080344ec        0x0
 .rel.iplt      0x00000000080344ec        0x0 c:/st/stm32cubeide_1.4.0/stm32cubeide/plugins/com.st.stm32cube.ide.mcu.externaltools.gnu-tools-for-stm32.9-2020-q2-update.win32_2.0.0.202105311346/tools/bin/../lib/gcc/arm-none-eabi/9.3.1/thumb/v7e-m+fp/hard/crtbegin.o

.preinit_array  0x00000000080344ec        0x0
                0x00000000080344ec                . = ALIGN (0x4)
                0x00000000080344ec                PROVIDE (__preinit_array_start = .)
 *(.preinit_array*)
                0x00000000080344ec                PROVIDE (__preinit_array_end = .)
                0x00000000080344ec                . = ALIGN (0x4)

.init_array     0x00000000080344ec        0x4
                0x00000000080344ec                . = ALIGN (0x4)
                0x00000000080344ec                PROVIDE (__init_array_start = .)
 *(SORT_BY_NAME(.init_array.*))
 *(.init_array*)
 .init_array    0x00000000080344ec        0x4 c:/st/stm32cubeide_1.4.0/stm32cubeide/plugins/com.st.stm32cube.ide.mcu.externaltools.gnu-tools-for-stm32.9-2020-q2-update.win32_2.0.0.202105311346/tools/bin/../lib/gcc/arm-none-eabi/9.3.1/thumb/v7e-m+fp/hard/crtbegin.o
                0x00000000080344f0                PROVIDE (__init_array_end = .)
                0x00000000080344f0                . = ALIGN (0x4)

.fini_array     0x00000000080344f0        0x4
                0x00000000080344f0                . = ALIGN (0x4)
                [!provide]                        PROVIDE (__fini_array_start = .)
 *(SORT_BY_NAME(.fini_array.*))
 *(.fini_array*)
 .fini_array    0x00000000080344f0        0x4 c:/st/stm32cubeide_1.4.0/stm32cubeide/plugins/com.st.stm32cube.ide.mcu.externaltools.gnu-tools-for-stm32.9-2020-q2-update.win32_2.0.0.202105311346/tools/bin/../lib/gcc/arm-none-eabi/9.3.1/thumb/v7e-m+fp/hard/crtbegin.o
                [!provide]                        PROVIDE (__fini_array_end = .)
                0x00000000080344f4                . = ALIGN (0x4)
                0x00000000080344f4                _sidata = LOADADDR (.data)

.data           0x0000000020000000       0x14 load address 0x00000000080344f4
                0x0000000020000000                . = ALIGN (0x4)
                0x0000000020000000                _sdata = .
 *(.data)
 *(.data*)
 .data.EixoY    0x0000000020000000        0x2 ./Core/Src/main.o
                0x0000000020000000                EixoY
 *fill*         0x0000000020000002        0x2 
 .data.SystemCoreClock
                0x0000000020000004        0x4 ./Core/Src/system_stm32f4xx.o
                0x0000000020000004                SystemCoreClock
 .data._width   0x0000000020000008        0x2 ./Core/Src/tft.o
                0x0000000020000008                _width
 .data._height  0x000000002000000a        0x2 ./Core/Src/tft.o
                0x000000002000000a                _height
 .data.uwTickPrio
                0x000000002000000c        0x4 ./Drivers/STM32F4xx_HAL_Driver/Src/stm32f4xx_hal.o
                0x000000002000000c                uwTickPrio
 .data.uwTickFreq
                0x0000000020000010        0x1 ./Drivers/STM32F4xx_HAL_Driver/Src/stm32f4xx_hal.o
                0x0000000020000010                uwTickFreq
 *(.RamFunc)
 *(.RamFunc*)
                0x0000000020000014                . = ALIGN (0x4)
 *fill*         0x0000000020000011        0x3 
                0x0000000020000014                _edata = .

.igot.plt       0x0000000020000014        0x0 load address 0x0000000008034508
 .igot.plt      0x0000000020000014        0x0 c:/st/stm32cubeide_1.4.0/stm32cubeide/plugins/com.st.stm32cube.ide.mcu.externaltools.gnu-tools-for-stm32.9-2020-q2-update.win32_2.0.0.202105311346/tools/bin/../lib/gcc/arm-none-eabi/9.3.1/thumb/v7e-m+fp/hard/crtbegin.o
                0x0000000020000014                . = ALIGN (0x4)

.bss            0x0000000020000014       0xd4 load address 0x0000000008034508
                0x0000000020000014                _sbss = .
                0x0000000020000014                __bss_start__ = _sbss
 *(.bss)
 .bss           0x0000000020000014       0x1c c:/st/stm32cubeide_1.4.0/stm32cubeide/plugins/com.st.stm32cube.ide.mcu.externaltools.gnu-tools-for-stm32.9-2020-q2-update.win32_2.0.0.202105311346/tools/bin/../lib/gcc/arm-none-eabi/9.3.1/thumb/v7e-m+fp/hard/crtbegin.o
 *(.bss*)
 .bss.EixoX     0x0000000020000030        0x2 ./Core/Src/main.o
                0x0000000020000030                EixoX
 .bss.done_reset
                0x0000000020000032        0x1 ./Core/Src/tft.o
 .bss.is8347    0x0000000020000033        0x1 ./Core/Src/tft.o
 .bss.is555     0x0000000020000034        0x1 ./Core/Src/tft.o
 .bss.is9797    0x0000000020000035        0x1 ./Core/Src/tft.o
 .bss.rotation  0x0000000020000036        0x1 ./Core/Src/tft.o
                0x0000000020000036                rotation
 *(COMMON)
 *fill*         0x0000000020000037        0x1 
 COMMON         0x0000000020000038       0x90 ./Core/Src/main.o
                0x0000000020000038                ID
                0x000000002000003c                htim1
                0x0000000020000084                huart2
 COMMON         0x00000000200000c8       0x1a ./Core/Src/tft.o
                0x00000000200000c8                _lcd_drivOut
                0x00000000200000ca                _MW
                0x00000000200000cc                _lcd_capable
                0x00000000200000ce                _SP
                0x00000000200000d0                _lcd_rev
                0x00000000200000d2                _MP
                0x00000000200000d4                _MC
                0x00000000200000d6                _SC
                0x00000000200000d8                _EP
                0x00000000200000da                _lcd_ID
                0x00000000200000dc                _lcd_xor
                0x00000000200000de                _EC
                0x00000000200000e0                _lcd_madctl
 *fill*         0x00000000200000e2        0x2 
 COMMON         0x00000000200000e4        0x4 ./Drivers/STM32F4xx_HAL_Driver/Src/stm32f4xx_hal.o
                0x00000000200000e4                uwTick
                0x00000000200000e8                . = ALIGN (0x4)
                0x00000000200000e8                _ebss = .
                0x00000000200000e8                __bss_end__ = _ebss

._user_heap_stack
                0x00000000200000e8      0x600 load address 0x0000000008034508
                0x00000000200000e8                . = ALIGN (0x8)
                [!provide]                        PROVIDE (end = .)
                0x00000000200000e8                PROVIDE (_end = .)
                0x00000000200002e8                . = (. + _Min_Heap_Size)
 *fill*         0x00000000200000e8      0x200 
                0x00000000200006e8                . = (. + _Min_Stack_Size)
 *fill*         0x00000000200002e8      0x400 
                0x00000000200006e8                . = ALIGN (0x8)

/DISCARD/
 libc.a(*)
 libm.a(*)
 libgcc.a(*)

.ARM.attributes
                0x0000000000000000       0x30
 *(.ARM.attributes)
 .ARM.attributes
                0x0000000000000000       0x1e c:/st/stm32cubeide_1.4.0/stm32cubeide/plugins/com.st.stm32cube.ide.mcu.externaltools.gnu-tools-for-stm32.9-2020-q2-update.win32_2.0.0.202105311346/tools/bin/../lib/gcc/arm-none-eabi/9.3.1/thumb/v7e-m+fp/hard/crti.o
 .ARM.attributes
                0x000000000000001e       0x34 c:/st/stm32cubeide_1.4.0/stm32cubeide/plugins/com.st.stm32cube.ide.mcu.externaltools.gnu-tools-for-stm32.9-2020-q2-update.win32_2.0.0.202105311346/tools/bin/../lib/gcc/arm-none-eabi/9.3.1/thumb/v7e-m+fp/hard/crtbegin.o
 .ARM.attributes
                0x0000000000000052       0x34 ./Core/Src/main.o
 .ARM.attributes
                0x0000000000000086       0x34 ./Core/Src/stm32f4xx_hal_msp.o
 .ARM.attributes
                0x00000000000000ba       0x34 ./Core/Src/stm32f4xx_it.o
 .ARM.attributes
                0x00000000000000ee       0x34 ./Core/Src/system_stm32f4xx.o
 .ARM.attributes
                0x0000000000000122       0x34 ./Core/Src/tft.o
 .ARM.attributes
                0x0000000000000156       0x39 ./Core/Src/usBranco_320w240h.o
 .ARM.attributes
                0x000000000000018f       0x39 ./Core/Src/usCinco.o
 .ARM.attributes
                0x00000000000001c8       0x39 ./Core/Src/usDois.o
 .ARM.attributes
                0x0000000000000201       0x39 ./Core/Src/usQuatro.o
 .ARM.attributes
                0x000000000000023a       0x39 ./Core/Src/usSeis.o
 .ARM.attributes
                0x0000000000000273       0x39 ./Core/Src/usTres.o
 .ARM.attributes
                0x00000000000002ac       0x39 ./Core/Src/usUm.o
 .ARM.attributes
                0x00000000000002e5       0x21 ./Core/Startup/startup_stm32f446retx.o
 .ARM.attributes
                0x0000000000000306       0x34 ./Drivers/STM32F4xx_HAL_Driver/Src/stm32f4xx_hal.o
 .ARM.attributes
                0x000000000000033a       0x34 ./Drivers/STM32F4xx_HAL_Driver/Src/stm32f4xx_hal_cortex.o
 .ARM.attributes
                0x000000000000036e       0x34 ./Drivers/STM32F4xx_HAL_Driver/Src/stm32f4xx_hal_gpio.o
 .ARM.attributes
                0x00000000000003a2       0x34 ./Drivers/STM32F4xx_HAL_Driver/Src/stm32f4xx_hal_rcc.o
 .ARM.attributes
                0x00000000000003d6       0x34 ./Drivers/STM32F4xx_HAL_Driver/Src/stm32f4xx_hal_rcc_ex.o
 .ARM.attributes
                0x000000000000040a       0x34 ./Drivers/STM32F4xx_HAL_Driver/Src/stm32f4xx_hal_tim.o
 .ARM.attributes
                0x000000000000043e       0x34 ./Drivers/STM32F4xx_HAL_Driver/Src/stm32f4xx_hal_tim_ex.o
 .ARM.attributes
                0x0000000000000472       0x34 ./Drivers/STM32F4xx_HAL_Driver/Src/stm32f4xx_hal_uart.o
 .ARM.attributes
                0x00000000000004a6       0x34 c:/st/stm32cubeide_1.4.0/stm32cubeide/plugins/com.st.stm32cube.ide.mcu.externaltools.gnu-tools-for-stm32.9-2020-q2-update.win32_2.0.0.202105311346/tools/bin/../lib/gcc/arm-none-eabi/9.3.1/../../../../arm-none-eabi/lib/thumb/v7e-m+fp/hard\libc_nano.a(lib_a-init.o)
 .ARM.attributes
                0x00000000000004da       0x34 c:/st/stm32cubeide_1.4.0/stm32cubeide/plugins/com.st.stm32cube.ide.mcu.externaltools.gnu-tools-for-stm32.9-2020-q2-update.win32_2.0.0.202105311346/tools/bin/../lib/gcc/arm-none-eabi/9.3.1/../../../../arm-none-eabi/lib/thumb/v7e-m+fp/hard\libc_nano.a(lib_a-memset.o)
 .ARM.attributes
                0x000000000000050e       0x1e c:/st/stm32cubeide_1.4.0/stm32cubeide/plugins/com.st.stm32cube.ide.mcu.externaltools.gnu-tools-for-stm32.9-2020-q2-update.win32_2.0.0.202105311346/tools/bin/../lib/gcc/arm-none-eabi/9.3.1/thumb/v7e-m+fp/hard\libgcc.a(_aeabi_uldivmod.o)
 .ARM.attributes
                0x000000000000052c       0x34 c:/st/stm32cubeide_1.4.0/stm32cubeide/plugins/com.st.stm32cube.ide.mcu.externaltools.gnu-tools-for-stm32.9-2020-q2-update.win32_2.0.0.202105311346/tools/bin/../lib/gcc/arm-none-eabi/9.3.1/thumb/v7e-m+fp/hard\libgcc.a(_udivmoddi4.o)
 .ARM.attributes
                0x0000000000000560       0x1e c:/st/stm32cubeide_1.4.0/stm32cubeide/plugins/com.st.stm32cube.ide.mcu.externaltools.gnu-tools-for-stm32.9-2020-q2-update.win32_2.0.0.202105311346/tools/bin/../lib/gcc/arm-none-eabi/9.3.1/thumb/v7e-m+fp/hard\libgcc.a(_dvmd_tls.o)
 .ARM.attributes
                0x000000000000057e       0x1e c:/st/stm32cubeide_1.4.0/stm32cubeide/plugins/com.st.stm32cube.ide.mcu.externaltools.gnu-tools-for-stm32.9-2020-q2-update.win32_2.0.0.202105311346/tools/bin/../lib/gcc/arm-none-eabi/9.3.1/thumb/v7e-m+fp/hard/crtn.o
OUTPUT(LCD_TFT_2.elf elf32-littlearm)
LOAD linker stubs
LOAD c:/st/stm32cubeide_1.4.0/stm32cubeide/plugins/com.st.stm32cube.ide.mcu.externaltools.gnu-tools-for-stm32.9-2020-q2-update.win32_2.0.0.202105311346/tools/bin/../lib/gcc/arm-none-eabi/9.3.1/../../../../arm-none-eabi/lib/thumb/v7e-m+fp/hard\libc.a
LOAD c:/st/stm32cubeide_1.4.0/stm32cubeide/plugins/com.st.stm32cube.ide.mcu.externaltools.gnu-tools-for-stm32.9-2020-q2-update.win32_2.0.0.202105311346/tools/bin/../lib/gcc/arm-none-eabi/9.3.1/../../../../arm-none-eabi/lib/thumb/v7e-m+fp/hard\libm.a
LOAD c:/st/stm32cubeide_1.4.0/stm32cubeide/plugins/com.st.stm32cube.ide.mcu.externaltools.gnu-tools-for-stm32.9-2020-q2-update.win32_2.0.0.202105311346/tools/bin/../lib/gcc/arm-none-eabi/9.3.1/thumb/v7e-m+fp/hard\libgcc.a

.debug_info     0x0000000000000000    0x11a1a
 .debug_info    0x0000000000000000     0x1560 ./Core/Src/main.o
 .debug_info    0x0000000000001560      0xde1 ./Core/Src/stm32f4xx_hal_msp.o
 .debug_info    0x0000000000002341      0x25e ./Core/Src/stm32f4xx_it.o
 .debug_info    0x000000000000259f      0x5dc ./Core/Src/system_stm32f4xx.o
 .debug_info    0x0000000000002b7b     0x425e ./Core/Src/tft.o
 .debug_info    0x0000000000006dd9       0x5f ./Core/Src/usBranco_320w240h.o
 .debug_info    0x0000000000006e38       0x5d ./Core/Src/usCinco.o
 .debug_info    0x0000000000006e95       0x5d ./Core/Src/usDois.o
 .debug_info    0x0000000000006ef2       0x5d ./Core/Src/usQuatro.o
 .debug_info    0x0000000000006f4f       0x5d ./Core/Src/usSeis.o
 .debug_info    0x0000000000006fac       0x5d ./Core/Src/usTres.o
 .debug_info    0x0000000000007009       0x5d ./Core/Src/usUm.o
 .debug_info    0x0000000000007066       0x22 ./Core/Startup/startup_stm32f446retx.o
 .debug_info    0x0000000000007088      0xa08 ./Drivers/STM32F4xx_HAL_Driver/Src/stm32f4xx_hal.o
 .debug_info    0x0000000000007a90      0xef5 ./Drivers/STM32F4xx_HAL_Driver/Src/stm32f4xx_hal_cortex.o
 .debug_info    0x0000000000008985      0x892 ./Drivers/STM32F4xx_HAL_Driver/Src/stm32f4xx_hal_gpio.o
 .debug_info    0x0000000000009217      0x9db ./Drivers/STM32F4xx_HAL_Driver/Src/stm32f4xx_hal_rcc.o
 .debug_info    0x0000000000009bf2      0xa86 ./Drivers/STM32F4xx_HAL_Driver/Src/stm32f4xx_hal_rcc_ex.o
 .debug_info    0x000000000000a678     0x2c22 ./Drivers/STM32F4xx_HAL_Driver/Src/stm32f4xx_hal_tim.o
 .debug_info    0x000000000000d29a     0x15a2 ./Drivers/STM32F4xx_HAL_Driver/Src/stm32f4xx_hal_tim_ex.o
 .debug_info    0x000000000000e83c     0x31de ./Drivers/STM32F4xx_HAL_Driver/Src/stm32f4xx_hal_uart.o

.debug_abbrev   0x0000000000000000     0x203b
 .debug_abbrev  0x0000000000000000      0x2b7 ./Core/Src/main.o
 .debug_abbrev  0x00000000000002b7      0x1db ./Core/Src/stm32f4xx_hal_msp.o
 .debug_abbrev  0x0000000000000492       0xd2 ./Core/Src/stm32f4xx_it.o
 .debug_abbrev  0x0000000000000564      0x145 ./Core/Src/system_stm32f4xx.o
 .debug_abbrev  0x00000000000006a9      0x45a ./Core/Src/tft.o
 .debug_abbrev  0x0000000000000b03       0x4a ./Core/Src/usBranco_320w240h.o
 .debug_abbrev  0x0000000000000b4d       0x4a ./Core/Src/usCinco.o
 .debug_abbrev  0x0000000000000b97       0x4a ./Core/Src/usDois.o
 .debug_abbrev  0x0000000000000be1       0x4a ./Core/Src/usQuatro.o
 .debug_abbrev  0x0000000000000c2b       0x4a ./Core/Src/usSeis.o
 .debug_abbrev  0x0000000000000c75       0x4a ./Core/Src/usTres.o
 .debug_abbrev  0x0000000000000cbf       0x4a ./Core/Src/usUm.o
 .debug_abbrev  0x0000000000000d09       0x12 ./Core/Startup/startup_stm32f446retx.o
 .debug_abbrev  0x0000000000000d1b      0x1ed ./Drivers/STM32F4xx_HAL_Driver/Src/stm32f4xx_hal.o
 .debug_abbrev  0x0000000000000f08      0x33c ./Drivers/STM32F4xx_HAL_Driver/Src/stm32f4xx_hal_cortex.o
 .debug_abbrev  0x0000000000001244      0x1f1 ./Drivers/STM32F4xx_HAL_Driver/Src/stm32f4xx_hal_gpio.o
 .debug_abbrev  0x0000000000001435      0x275 ./Drivers/STM32F4xx_HAL_Driver/Src/stm32f4xx_hal_rcc.o
 .debug_abbrev  0x00000000000016aa      0x1e2 ./Drivers/STM32F4xx_HAL_Driver/Src/stm32f4xx_hal_rcc_ex.o
 .debug_abbrev  0x000000000000188c      0x25e ./Drivers/STM32F4xx_HAL_Driver/Src/stm32f4xx_hal_tim.o
 .debug_abbrev  0x0000000000001aea      0x266 ./Drivers/STM32F4xx_HAL_Driver/Src/stm32f4xx_hal_tim_ex.o
 .debug_abbrev  0x0000000000001d50      0x2eb ./Drivers/STM32F4xx_HAL_Driver/Src/stm32f4xx_hal_uart.o

.debug_aranges  0x0000000000000000      0xf90
 .debug_aranges
                0x0000000000000000       0x60 ./Core/Src/main.o
 .debug_aranges
                0x0000000000000060       0x40 ./Core/Src/stm32f4xx_hal_msp.o
 .debug_aranges
                0x00000000000000a0       0x70 ./Core/Src/stm32f4xx_it.o
 .debug_aranges
                0x0000000000000110       0x28 ./Core/Src/system_stm32f4xx.o
 .debug_aranges
                0x0000000000000138      0x2f0 ./Core/Src/tft.o
 .debug_aranges
                0x0000000000000428       0x18 ./Core/Src/usBranco_320w240h.o
 .debug_aranges
                0x0000000000000440       0x18 ./Core/Src/usCinco.o
 .debug_aranges
                0x0000000000000458       0x18 ./Core/Src/usDois.o
 .debug_aranges
                0x0000000000000470       0x18 ./Core/Src/usQuatro.o
 .debug_aranges
                0x0000000000000488       0x18 ./Core/Src/usSeis.o
 .debug_aranges
                0x00000000000004a0       0x18 ./Core/Src/usTres.o
 .debug_aranges
                0x00000000000004b8       0x18 ./Core/Src/usUm.o
 .debug_aranges
                0x00000000000004d0       0x28 ./Core/Startup/startup_stm32f446retx.o
 .debug_aranges
                0x00000000000004f8       0xf0 ./Drivers/STM32F4xx_HAL_Driver/Src/stm32f4xx_hal.o
 .debug_aranges
                0x00000000000005e8      0x118 ./Drivers/STM32F4xx_HAL_Driver/Src/stm32f4xx_hal_cortex.o
 .debug_aranges
                0x0000000000000700       0x58 ./Drivers/STM32F4xx_HAL_Driver/Src/stm32f4xx_hal_gpio.o
 .debug_aranges
                0x0000000000000758       0x88 ./Drivers/STM32F4xx_HAL_Driver/Src/stm32f4xx_hal_rcc.o
 .debug_aranges
                0x00000000000007e0       0x78 ./Drivers/STM32F4xx_HAL_Driver/Src/stm32f4xx_hal_rcc_ex.o
 .debug_aranges
                0x0000000000000858      0x3d0 ./Drivers/STM32F4xx_HAL_Driver/Src/stm32f4xx_hal_tim.o
 .debug_aranges
                0x0000000000000c28      0x168 ./Drivers/STM32F4xx_HAL_Driver/Src/stm32f4xx_hal_tim_ex.o
 .debug_aranges
                0x0000000000000d90      0x200 ./Drivers/STM32F4xx_HAL_Driver/Src/stm32f4xx_hal_uart.o

.debug_ranges   0x0000000000000000      0xe40
 .debug_ranges  0x0000000000000000       0x50 ./Core/Src/main.o
 .debug_ranges  0x0000000000000050       0x30 ./Core/Src/stm32f4xx_hal_msp.o
 .debug_ranges  0x0000000000000080       0x60 ./Core/Src/stm32f4xx_it.o
 .debug_ranges  0x00000000000000e0       0x18 ./Core/Src/system_stm32f4xx.o
 .debug_ranges  0x00000000000000f8      0x2e0 ./Core/Src/tft.o
 .debug_ranges  0x00000000000003d8       0x20 ./Core/Startup/startup_stm32f446retx.o
 .debug_ranges  0x00000000000003f8       0xe0 ./Drivers/STM32F4xx_HAL_Driver/Src/stm32f4xx_hal.o
 .debug_ranges  0x00000000000004d8      0x108 ./Drivers/STM32F4xx_HAL_Driver/Src/stm32f4xx_hal_cortex.o
 .debug_ranges  0x00000000000005e0       0x48 ./Drivers/STM32F4xx_HAL_Driver/Src/stm32f4xx_hal_gpio.o
 .debug_ranges  0x0000000000000628       0x78 ./Drivers/STM32F4xx_HAL_Driver/Src/stm32f4xx_hal_rcc.o
 .debug_ranges  0x00000000000006a0       0x68 ./Drivers/STM32F4xx_HAL_Driver/Src/stm32f4xx_hal_rcc_ex.o
 .debug_ranges  0x0000000000000708      0x3c0 ./Drivers/STM32F4xx_HAL_Driver/Src/stm32f4xx_hal_tim.o
 .debug_ranges  0x0000000000000ac8      0x158 ./Drivers/STM32F4xx_HAL_Driver/Src/stm32f4xx_hal_tim_ex.o
 .debug_ranges  0x0000000000000c20      0x220 ./Drivers/STM32F4xx_HAL_Driver/Src/stm32f4xx_hal_uart.o

.debug_macro    0x0000000000000000    0x20a1f
 .debug_macro   0x0000000000000000      0x20c ./Core/Src/main.o
 .debug_macro   0x000000000000020c      0x29b ./Core/Src/main.o
 .debug_macro   0x00000000000004a7       0x2e ./Core/Src/main.o
 .debug_macro   0x00000000000004d5       0x28 ./Core/Src/main.o
 .debug_macro   0x00000000000004fd       0x1c ./Core/Src/main.o
 .debug_macro   0x0000000000000519       0x22 ./Core/Src/main.o
 .debug_macro   0x000000000000053b       0xdf ./Core/Src/main.o
 .debug_macro   0x000000000000061a     0x102d ./Core/Src/main.o
 .debug_macro   0x0000000000001647      0x11f ./Core/Src/main.o
 .debug_macro   0x0000000000001766    0x16749 ./Core/Src/main.o
 .debug_macro   0x0000000000017eaf       0x6d ./Core/Src/main.o
 .debug_macro   0x0000000000017f1c     0x3666 ./Core/Src/main.o
 .debug_macro   0x000000000001b582      0x174 ./Core/Src/main.o
 .debug_macro   0x000000000001b6f6       0x5c ./Core/Src/main.o
 .debug_macro   0x000000000001b752      0xc90 ./Core/Src/main.o
 .debug_macro   0x000000000001c3e2      0x9fe ./Core/Src/main.o
 .debug_macro   0x000000000001cde0      0x116 ./Core/Src/main.o
 .debug_macro   0x000000000001cef6      0x1a0 ./Core/Src/main.o
 .debug_macro   0x000000000001d096       0xa5 ./Core/Src/main.o
 .debug_macro   0x000000000001d13b      0x16d ./Core/Src/main.o
 .debug_macro   0x000000000001d2a8      0x287 ./Core/Src/main.o
 .debug_macro   0x000000000001d52f       0x5f ./Core/Src/main.o
 .debug_macro   0x000000000001d58e      0x236 ./Core/Src/main.o
 .debug_macro   0x000000000001d7c4      0x132 ./Core/Src/main.o
 .debug_macro   0x000000000001d8f6      0x29c ./Core/Src/main.o
 .debug_macro   0x000000000001db92       0x2e ./Core/Src/main.o
 .debug_macro   0x000000000001dbc0      0x11a ./Core/Src/main.o
 .debug_macro   0x000000000001dcda       0xe8 ./Core/Src/main.o
 .debug_macro   0x000000000001ddc2       0x89 ./Core/Src/main.o
 .debug_macro   0x000000000001de4b      0x8d1 ./Core/Src/main.o
 .debug_macro   0x000000000001e71c       0x4d ./Core/Src/main.o
 .debug_macro   0x000000000001e769      0x295 ./Core/Src/main.o
 .debug_macro   0x000000000001e9fe      0x126 ./Core/Src/main.o
 .debug_macro   0x000000000001eb24       0x70 ./Core/Src/main.o
 .debug_macro   0x000000000001eb94       0x3a ./Core/Src/main.o
 .debug_macro   0x000000000001ebce       0x6a ./Core/Src/main.o
 .debug_macro   0x000000000001ec38       0xcc ./Core/Src/main.o
 .debug_macro   0x000000000001ed04      0x1dd ./Core/Src/stm32f4xx_hal_msp.o
 .debug_macro   0x000000000001eee1      0x1e7 ./Core/Src/stm32f4xx_it.o
 .debug_macro   0x000000000001f0c8      0x1ce ./Core/Src/system_stm32f4xx.o
 .debug_macro   0x000000000001f296      0x437 ./Core/Src/tft.o
 .debug_macro   0x000000000001f6cd       0x52 ./Core/Src/tft.o
 .debug_macro   0x000000000001f71f      0x333 ./Core/Src/tft.o
 .debug_macro   0x000000000001fa52       0x10 ./Core/Src/tft.o
 .debug_macro   0x000000000001fa62       0x20 ./Core/Src/tft.o
 .debug_macro   0x000000000001fa82       0x17 ./Core/Src/usBranco_320w240h.o
 .debug_macro   0x000000000001fa99       0x17 ./Core/Src/usCinco.o
 .debug_macro   0x000000000001fab0       0x17 ./Core/Src/usDois.o
 .debug_macro   0x000000000001fac7       0x17 ./Core/Src/usQuatro.o
 .debug_macro   0x000000000001fade       0x17 ./Core/Src/usSeis.o
 .debug_macro   0x000000000001faf5       0x17 ./Core/Src/usTres.o
 .debug_macro   0x000000000001fb0c       0x17 ./Core/Src/usUm.o
 .debug_macro   0x000000000001fb23      0x22e ./Drivers/STM32F4xx_HAL_Driver/Src/stm32f4xx_hal.o
 .debug_macro   0x000000000001fd51      0x1ce ./Drivers/STM32F4xx_HAL_Driver/Src/stm32f4xx_hal_cortex.o
 .debug_macro   0x000000000001ff1f      0x1d4 ./Drivers/STM32F4xx_HAL_Driver/Src/stm32f4xx_hal_gpio.o
 .debug_macro   0x00000000000200f3      0x1f2 ./Drivers/STM32F4xx_HAL_Driver/Src/stm32f4xx_hal_rcc.o
 .debug_macro   0x00000000000202e5      0x1ce ./Drivers/STM32F4xx_HAL_Driver/Src/stm32f4xx_hal_rcc_ex.o
 .debug_macro   0x00000000000204b3      0x1cf ./Drivers/STM32F4xx_HAL_Driver/Src/stm32f4xx_hal_tim.o
 .debug_macro   0x0000000000020682      0x1ce ./Drivers/STM32F4xx_HAL_Driver/Src/stm32f4xx_hal_tim_ex.o
 .debug_macro   0x0000000000020850      0x1cf ./Drivers/STM32F4xx_HAL_Driver/Src/stm32f4xx_hal_uart.o

.debug_line     0x0000000000000000    0x10cd1
 .debug_line    0x0000000000000000      0x933 ./Core/Src/main.o
 .debug_line    0x0000000000000933      0x74d ./Core/Src/stm32f4xx_hal_msp.o
 .debug_line    0x0000000000001080      0x7b9 ./Core/Src/stm32f4xx_it.o
 .debug_line    0x0000000000001839      0x748 ./Core/Src/system_stm32f4xx.o
 .debug_line    0x0000000000001f81     0x2eba ./Core/Src/tft.o
 .debug_line    0x0000000000004e3b       0x40 ./Core/Src/usBranco_320w240h.o
 .debug_line    0x0000000000004e7b       0x36 ./Core/Src/usCinco.o
 .debug_line    0x0000000000004eb1       0x35 ./Core/Src/usDois.o
 .debug_line    0x0000000000004ee6       0x37 ./Core/Src/usQuatro.o
 .debug_line    0x0000000000004f1d       0x35 ./Core/Src/usSeis.o
 .debug_line    0x0000000000004f52       0x35 ./Core/Src/usTres.o
 .debug_line    0x0000000000004f87       0x33 ./Core/Src/usUm.o
 .debug_line    0x0000000000004fba       0x88 ./Core/Startup/startup_stm32f446retx.o
 .debug_line    0x0000000000005042      0x9ae ./Drivers/STM32F4xx_HAL_Driver/Src/stm32f4xx_hal.o
 .debug_line    0x00000000000059f0      0xc5d ./Drivers/STM32F4xx_HAL_Driver/Src/stm32f4xx_hal_cortex.o
 .debug_line    0x000000000000664d      0xb10 ./Drivers/STM32F4xx_HAL_Driver/Src/stm32f4xx_hal_gpio.o
 .debug_line    0x000000000000715d      0xd36 ./Drivers/STM32F4xx_HAL_Driver/Src/stm32f4xx_hal_rcc.o
 .debug_line    0x0000000000007e93     0x13bc ./Drivers/STM32F4xx_HAL_Driver/Src/stm32f4xx_hal_rcc_ex.o
 .debug_line    0x000000000000924f     0x36a2 ./Drivers/STM32F4xx_HAL_Driver/Src/stm32f4xx_hal_tim.o
 .debug_line    0x000000000000c8f1     0x19ab ./Drivers/STM32F4xx_HAL_Driver/Src/stm32f4xx_hal_tim_ex.o
 .debug_line    0x000000000000e29c     0x2a35 ./Drivers/STM32F4xx_HAL_Driver/Src/stm32f4xx_hal_uart.o

.debug_str      0x0000000000000000    0xd132d
 .debug_str     0x0000000000000000    0xca525 ./Core/Src/main.o
                                      0xca8f2 (size before relaxing)
 .debug_str     0x00000000000ca525       0x8c ./Core/Src/stm32f4xx_hal_msp.o
                                      0xc9a20 (size before relaxing)
 .debug_str     0x00000000000ca5b1       0xdf ./Core/Src/stm32f4xx_it.o
                                      0xc91ed (size before relaxing)
 .debug_str     0x00000000000ca690       0xaf ./Core/Src/system_stm32f4xx.o
                                      0xc9140 (size before relaxing)
 .debug_str     0x00000000000ca73f     0x4251 ./Core/Src/tft.o
                                      0xce098 (size before relaxing)
 .debug_str     0x00000000000ce990       0x29 ./Core/Src/usBranco_320w240h.o
                                       0x2e03 (size before relaxing)
 .debug_str     0x00000000000ce9b9       0x16 ./Core/Src/usCinco.o
                                       0x2df6 (size before relaxing)
 .debug_str     0x00000000000ce9cf       0x15 ./Core/Src/usDois.o
                                       0x2df4 (size before relaxing)
 .debug_str     0x00000000000ce9e4       0x17 ./Core/Src/usQuatro.o
                                       0x2df8 (size before relaxing)
 .debug_str     0x00000000000ce9fb       0x15 ./Core/Src/usSeis.o
                                       0x2df4 (size before relaxing)
 .debug_str     0x00000000000cea10       0x15 ./Core/Src/usTres.o
                                       0x2df4 (size before relaxing)
 .debug_str     0x00000000000cea25       0x13 ./Core/Src/usUm.o
                                       0x2df0 (size before relaxing)
 .debug_str     0x00000000000cea38       0x36 ./Core/Startup/startup_stm32f446retx.o
                                         0x78 (size before relaxing)
 .debug_str     0x00000000000cea6e      0x58d ./Drivers/STM32F4xx_HAL_Driver/Src/stm32f4xx_hal.o
                                      0xc9c63 (size before relaxing)
 .debug_str     0x00000000000ceffb      0x399 ./Drivers/STM32F4xx_HAL_Driver/Src/stm32f4xx_hal_cortex.o
                                      0xc9a2d (size before relaxing)
 .debug_str     0x00000000000cf394      0x139 ./Drivers/STM32F4xx_HAL_Driver/Src/stm32f4xx_hal_gpio.o
                                      0xc92e7 (size before relaxing)
 .debug_str     0x00000000000cf4cd      0x259 ./Drivers/STM32F4xx_HAL_Driver/Src/stm32f4xx_hal_rcc.o
                                      0xc9547 (size before relaxing)
 .debug_str     0x00000000000cf726      0x324 ./Drivers/STM32F4xx_HAL_Driver/Src/stm32f4xx_hal_rcc_ex.o
                                      0xc95a4 (size before relaxing)
 .debug_str     0x00000000000cfa4a      0xdf1 ./Drivers/STM32F4xx_HAL_Driver/Src/stm32f4xx_hal_tim.o
                                      0xca44a (size before relaxing)
 .debug_str     0x00000000000d083b      0x4ee ./Drivers/STM32F4xx_HAL_Driver/Src/stm32f4xx_hal_tim_ex.o
                                      0xc9bfb (size before relaxing)
 .debug_str     0x00000000000d0d29      0x604 ./Drivers/STM32F4xx_HAL_Driver/Src/stm32f4xx_hal_uart.o
                                      0xc9aa3 (size before relaxing)

.comment        0x0000000000000000       0x53
 .comment       0x0000000000000000       0x53 ./Core/Src/main.o
                                         0x54 (size before relaxing)
 .comment       0x0000000000000053       0x54 ./Core/Src/stm32f4xx_hal_msp.o
 .comment       0x0000000000000053       0x54 ./Core/Src/stm32f4xx_it.o
 .comment       0x0000000000000053       0x54 ./Core/Src/system_stm32f4xx.o
 .comment       0x0000000000000053       0x54 ./Core/Src/tft.o
 .comment       0x0000000000000053       0x54 ./Core/Src/usBranco_320w240h.o
 .comment       0x0000000000000053       0x54 ./Core/Src/usCinco.o
 .comment       0x0000000000000053       0x54 ./Core/Src/usDois.o
 .comment       0x0000000000000053       0x54 ./Core/Src/usQuatro.o
 .comment       0x0000000000000053       0x54 ./Core/Src/usSeis.o
 .comment       0x0000000000000053       0x54 ./Core/Src/usTres.o
 .comment       0x0000000000000053       0x54 ./Core/Src/usUm.o
 .comment       0x0000000000000053       0x54 ./Drivers/STM32F4xx_HAL_Driver/Src/stm32f4xx_hal.o
 .comment       0x0000000000000053       0x54 ./Drivers/STM32F4xx_HAL_Driver/Src/stm32f4xx_hal_cortex.o
 .comment       0x0000000000000053       0x54 ./Drivers/STM32F4xx_HAL_Driver/Src/stm32f4xx_hal_gpio.o
 .comment       0x0000000000000053       0x54 ./Drivers/STM32F4xx_HAL_Driver/Src/stm32f4xx_hal_rcc.o
 .comment       0x0000000000000053       0x54 ./Drivers/STM32F4xx_HAL_Driver/Src/stm32f4xx_hal_rcc_ex.o
 .comment       0x0000000000000053       0x54 ./Drivers/STM32F4xx_HAL_Driver/Src/stm32f4xx_hal_tim.o
 .comment       0x0000000000000053       0x54 ./Drivers/STM32F4xx_HAL_Driver/Src/stm32f4xx_hal_tim_ex.o
 .comment       0x0000000000000053       0x54 ./Drivers/STM32F4xx_HAL_Driver/Src/stm32f4xx_hal_uart.o

.debug_frame    0x0000000000000000     0x4040
 .debug_frame   0x0000000000000000      0x138 ./Core/Src/main.o
 .debug_frame   0x0000000000000138       0xcc ./Core/Src/stm32f4xx_hal_msp.o
 .debug_frame   0x0000000000000204      0x13c ./Core/Src/stm32f4xx_it.o
 .debug_frame   0x0000000000000340       0x58 ./Core/Src/system_stm32f4xx.o
 .debug_frame   0x0000000000000398      0xda4 ./Core/Src/tft.o
 .debug_frame   0x000000000000113c      0x374 ./Drivers/STM32F4xx_HAL_Driver/Src/stm32f4xx_hal.o
 .debug_frame   0x00000000000014b0      0x498 ./Drivers/STM32F4xx_HAL_Driver/Src/stm32f4xx_hal_cortex.o
 .debug_frame   0x0000000000001948      0x14c ./Drivers/STM32F4xx_HAL_Driver/Src/stm32f4xx_hal_gpio.o
 .debug_frame   0x0000000000001a94      0x1f0 ./Drivers/STM32F4xx_HAL_Driver/Src/stm32f4xx_hal_rcc.o
 .debug_frame   0x0000000000001c84      0x1e8 ./Drivers/STM32F4xx_HAL_Driver/Src/stm32f4xx_hal_rcc_ex.o
 .debug_frame   0x0000000000001e6c     0x11c4 ./Drivers/STM32F4xx_HAL_Driver/Src/stm32f4xx_hal_tim.o
 .debug_frame   0x0000000000003030      0x638 ./Drivers/STM32F4xx_HAL_Driver/Src/stm32f4xx_hal_tim_ex.o
 .debug_frame   0x0000000000003668      0x92c ./Drivers/STM32F4xx_HAL_Driver/Src/stm32f4xx_hal_uart.o
 .debug_frame   0x0000000000003f94       0x2c c:/st/stm32cubeide_1.4.0/stm32cubeide/plugins/com.st.stm32cube.ide.mcu.externaltools.gnu-tools-for-stm32.9-2020-q2-update.win32_2.0.0.202105311346/tools/bin/../lib/gcc/arm-none-eabi/9.3.1/../../../../arm-none-eabi/lib/thumb/v7e-m+fp/hard\libc_nano.a(lib_a-init.o)
 .debug_frame   0x0000000000003fc0       0x20 c:/st/stm32cubeide_1.4.0/stm32cubeide/plugins/com.st.stm32cube.ide.mcu.externaltools.gnu-tools-for-stm32.9-2020-q2-update.win32_2.0.0.202105311346/tools/bin/../lib/gcc/arm-none-eabi/9.3.1/../../../../arm-none-eabi/lib/thumb/v7e-m+fp/hard\libc_nano.a(lib_a-memset.o)
 .debug_frame   0x0000000000003fe0       0x2c c:/st/stm32cubeide_1.4.0/stm32cubeide/plugins/com.st.stm32cube.ide.mcu.externaltools.gnu-tools-for-stm32.9-2020-q2-update.win32_2.0.0.202105311346/tools/bin/../lib/gcc/arm-none-eabi/9.3.1/thumb/v7e-m+fp/hard\libgcc.a(_aeabi_uldivmod.o)
 .debug_frame   0x000000000000400c       0x34 c:/st/stm32cubeide_1.4.0/stm32cubeide/plugins/com.st.stm32cube.ide.mcu.externaltools.gnu-tools-for-stm32.9-2020-q2-update.win32_2.0.0.202105311346/tools/bin/../lib/gcc/arm-none-eabi/9.3.1/thumb/v7e-m+fp/hard\libgcc.a(_udivmoddi4.o)
